// Jest Snapshot v1, https://goo.gl/fbAQLP

exports[`Parse File Tests parse file: helloWorld.cc 1`] = `
"#include "base/strings/to_string.h"
#include "third_party/xtrace/xtrace.h"
#include <iostream>

int main() {

  blink::XTrace *xtrace = blink::XTrace::getInstance();
  std::string xtrace_mrid =
      xtrace->OnMethodEnter("helloWorld.cc", "main", "GUID_FROM_TEST");
  xtrace->LogLineRun(xtrace_mrid, 4);
  int x = 34;
  xtrace->LocalVarUpdate(xtrace_mrid, "x", base::ToString(x));

  xtrace->LogLineRun(xtrace_mrid, 5);
  std::cout << "Hello, World!" << std::endl;
  xtrace->LogLineRun(xtrace_mrid, 6);
  x = x + 1;
  xtrace->LocalVarUpdate(xtrace_mrid, "x", base::ToString(x));

  xtrace->LogLineRun(xtrace_mrid, 7);
  std::cout << "x is " << x << std::endl;
  xtrace->LogLineRun(xtrace_mrid, 8);
  xtrace->FlushAllEventsToJSONFile();
  return 0;
}
"
`;

exports[`Parse File Tests parse file: helloWorld.cc 2`] = `
"["ID_2","NEW_CODE_RUN_ID","[\\"/Start/0\\"]"]
["ID_2","METHOD_ENTER","[\\"ID_3\\",\\"helloWorld.cc\\",\\"main\\",\\"dummy_threadId\\",\\"dummy_clrid\\",\\"GUID_FROM_TEST\\"]"]
["ID_2","LINE_EXEC","[\\"ID_3\\",\\"4\\",\\"0\\",\\"\\"]"]
["ID_2","SEND_VAR_UPDATE","[\\"ID_3\\",\\"x\\",\\"VALUE\\",\\"\\",\\"34\\",\\"1\\",\\"true\\"]"]
["ID_2","LINE_EXEC","[\\"ID_3\\",\\"5\\",\\"2\\",\\"\\"]"]
["ID_2","LINE_EXEC","[\\"ID_3\\",\\"6\\",\\"3\\",\\"\\"]"]
["ID_2","SEND_VAR_UPDATE","[\\"ID_3\\",\\"x\\",\\"VALUE\\",\\"\\",\\"35\\",\\"4\\",\\"true\\"]"]
["ID_2","LINE_EXEC","[\\"ID_3\\",\\"7\\",\\"5\\",\\"\\"]"]
["ID_2","LINE_EXEC","[\\"ID_3\\",\\"8\\",\\"6\\",\\"\\"]"]
"
`;

exports[`Parse File Tests parse file: lambda.cc 1`] = `
"#include "base/strings/to_string.h"
#include "third_party/xtrace/xtrace.h"
#include <algorithm>
#include <iostream>
#include <vector>

int main() {
  // Define a lambda function that prints a message
  blink::XTrace *xtrace = blink::XTrace::getInstance();
  std::string xtrace_mrid =
      xtrace->OnMethodEnter("lambda.cc", "main", "GUID_FROM_TEST");
  xtrace->LogLineRun(xtrace_mrid, 6);
  auto printMessage = []() {
    std::cout << "Hello from the lambda function!" << std::endl;
  };
  xtrace->LocalVarUpdate(xtrace_mrid, "printMessage",
                         base::ToString(printMessage));

  // Call the lambda function
  xtrace->LogLineRun(xtrace_mrid, 11);
  printMessage();

  // Define a vector of integers
  xtrace->LogLineRun(xtrace_mrid, 14);
  std::vector<int> numbers = {1, 2, 3, 4, 5};
  xtrace->LocalVarUpdate(xtrace_mrid, "numbers", base::ToString(numbers));

  // Use a lambda function to print each number in the vector
  xtrace->LogLineRun(xtrace_mrid, 17);
  std::for_eacxtrace->LogLxtrace->LogLineRun(xtrace_mrid, 17);
  ineRun(xtrace_mrid, 17);
  h(numbers.begin(), numbers.end(), [](int number) {
    xtrace->LogLineRun(xtrace_mrid, 18);
    std::cout << "Number: " << number << std::endl;
  });

  xtrace->LogLineRun(xtrace_mrid, 21);
  xtrace->FlushAllEventsToJSONFile();
  return 0;
}
"
`;

exports[`Parse File Tests parse file: lambda.cc 2`] = `undefined`;
